


ARM Macro Assembler    Page 1 


    1 00000000 E000E010 
                       NVIC_ST_CTRL
                               EQU              0xE000E010
    2 00000000 400053FC 
                       GPIO_PORTB_DATA
                               EQU              0x400053FC
    3 00000000         
    4 00000000         ;LABEL  DIRECTIVE VALUE  COMMENT
    5 00000000                 AREA             subroutin, READONLY, CODE
    6 00000000                 THUMB
    7 00000000                 EXTERN           timetable
    8 00000000                 EXPORT           SysTick_Handler 
                                                            ; Make available
    9 00000000         
   10 00000000         
   11 00000000         
   12 00000000         SysTick_Handler
                               PROC
   13 00000000 E92D 5FFF       PUSH             {R0-R12,LR}
   14 00000004         
   15 00000004 4809            LDR              R0, =0x20000008
   16 00000006 F8D0 A000       LDR              R10, [R0]
   17 0000000A F1AA 0A01       SUB              R10, #1
   18 0000000E F8C0 A000       STR              R10, [R0]
   19 00000012 F1BA 0F00       CMP              R10, #0
   20 00000016 D103            BNE              ENDD
   21 00000018 4805            LDR              R0, =NVIC_ST_CTRL ; SYSTICK con
                                                            trol and status reg
                                                            ister
   22 0000001A F04F 0100       MOV              R1, #0
   23 0000001E 6001            STR              R1, [R0]    ; stop counter to p
                                                            revent interrupt tr
                                                            iggered accidentall
                                                            y
   24 00000020         
   25 00000020         
   26 00000020 F7FF FFFE 
                       ENDD    BL               timetable
   27 00000024         
   28 00000024 E8BD 5FFF       POP              {R0-R12, LR}
   29 00000028 4770            BX               LR
   30 0000002A                 ENDP
                       
              00 00 20000008 
              E000E010 
Command Line: --debug --xref --diag_suppress=9931 --cpu=Cortex-M4.fp --apcs=int
erwork --depend=.\objects\systickhandler.d -o.\objects\systickhandler.o -I.\RTE
\_Target_1 -IC:\Keil_v5\ARM\PACK\Keil\TM4C_DFP\1.1.0\Device\Include\TM4C123 -IC
:\Keil_v5\ARM\CMSIS\Include --predefine="__EVAL SETA 1" --predefine="__UVISION_
VERSION SETA 526" --predefine="TM4C123GH6PM SETA 1" --list=.\listings\systickha
ndler.lst systickhandler.s



ARM Macro Assembler    Page 1 Alphabetic symbol ordering
Relocatable symbols

ENDD 00000020

Symbol: ENDD
   Definitions
      At line 26 in file systickhandler.s
   Uses
      At line 20 in file systickhandler.s
Comment: ENDD used once
SysTick_Handler 00000000

Symbol: SysTick_Handler
   Definitions
      At line 12 in file systickhandler.s
   Uses
      At line 8 in file systickhandler.s
Comment: SysTick_Handler used once
subroutin 00000000

Symbol: subroutin
   Definitions
      At line 5 in file systickhandler.s
   Uses
      None
Comment: subroutin unused
3 symbols



ARM Macro Assembler    Page 1 Alphabetic symbol ordering
Absolute symbols

GPIO_PORTB_DATA 400053FC

Symbol: GPIO_PORTB_DATA
   Definitions
      At line 2 in file systickhandler.s
   Uses
      None
Comment: GPIO_PORTB_DATA unused
NVIC_ST_CTRL E000E010

Symbol: NVIC_ST_CTRL
   Definitions
      At line 1 in file systickhandler.s
   Uses
      At line 21 in file systickhandler.s
Comment: NVIC_ST_CTRL used once
2 symbols



ARM Macro Assembler    Page 1 Alphabetic symbol ordering
External symbols

timetable 00000000

Symbol: timetable
   Definitions
      At line 7 in file systickhandler.s
   Uses
      At line 26 in file systickhandler.s
Comment: timetable used once
1 symbol
342 symbols in table
